listening /tmp/tpgui-desktop/mock.sock
launcher connected
L->P: SYS theme light
L->P: WINSTATE main {"fullscreen":false,"maximized":false,"minimized":false,"focused":true}
L->P: NAV {"window":"main","kind":"start","url":"file:///work/repo/demo/src/frontend/index.html"}
L->P: NAV {"window":"main","kind":"commit","url":"file:///work/repo/demo/src/frontend/index.html"}
L->P: CALL main:1 ["{\"method\":\"client.hello\"}","file://"]
L->P: CALL main:2 ["{\"method\":\"win.getState\"}","file://"]
L->P: CALL main:3 ["{\"method\":\"menu.set\",\"params\":{\"menus\":[{\"title\":\"文件\",\"items\":[{\"id\":\"open\",\"label\":\"打开文件…\",\"key\":\"o\"},{\"id\":\"pick\",\"label\":\"选择文件夹…\"},{\"separator\":true},{\"id\":\"quit\",\"label\":\"退出\",\"key\":\"q\"}]},{\"title\":\"帮助\",\"items\":[{\"id\":\"about\",\"label\":\"关于 TypePHP\"}]}]}}","file://"]
L->P: CALL main:4 ["{\"method\":\"ping\",\"params\":{}}","file://"]
L->P: NAV {"window":"main","kind":"finish","url":"file:///work/repo/demo/src/frontend/index.html"}
L->P: CALL main:5 ["{\"method\":\"sysinfo\",\"params\":{}}","file://"]
L->P: CALL main:6 ["{\"method\":\"api.fib\",\"params\":{\"n\":40}}","file://"]
L->P: CALL main:7 ["{\"method\":\"api.version\",\"params\":{}}","file://"]
L->P: CALL main:8 ["{\"method\":\"api.sha256\",\"params\":{\"text\":\"tinyjs\"}}","file://"]
L->P: CALL main:9 ["{\"method\":\"api.sum\",\"params\":{\"n1\":1,\"n2\":2,\"n3\":3,\"n4\":4,\"n5\":5,\"n6\":6,\"n7\":7,\"n8\":8,\"n9\":9,\"n10\":10,\"n11\":11,\"n12\":12,\"n13\":13,\"n14\":14,\"n15\":15,\"n16\":16,\"n17\":17,\"n18\":18,\"n19\":19,\"n20\":20,\"n21\":21,\"n22\":22,\"n23\":23,\"n24\":24,\"n25\":25,\"n26\":26,\"n27\":27,\"n28\":28,\"n29\":29,\"n30\":30,\"n31\":31,\"n32\":32,\"n33\":33,\"n34\":34,\"n35\":35,\"n36\":36,\"n37\":37,\"n38\":38,\"n39\":39,\"n40\":40,\"n41\":41,\"n42\":42,\"n43\":43,\"n44\":44,\"n45\":45,\"n46\":46,\"n47\":47,\"n48\":48,\"n49\":49,\"n50\":50,\"n51\":51,\"n52\":52,\"n53\":53,\"n54\":54,\"n55\":55,\"n56\":56,\"n57\":57,\"n58\":58,\"n59\":59,\"n60\":60,\"n61\":61,\"n62\":62,\"n63\":63,\"n64\":64,\"n65\":65,\"n66\":66,\"n67\":67,\"n68\":68,\"n69\":69,\"n70\":70,\"n71\":71,\"n72\":72,\"n73\":73,\"n74\":74,\"n75\":75,\"n76\":76,\"n77\":77,\"n78\":78,\"n79\":79,\"n80\":80,\"n81\":81,\"n82\":82,\"n83\":83,\"n84\":84,\"n85\":85,\"n86\":86,\"n87\":87,\"n88\":88,\"n89\":89,\"n90\":90,\"n91\":91,\"n92\":92,\"n93\":93,\"n94\":94,\"n95\":95,\"n96\":96,\"n97\":97,\"n98\":98,\"n99\":99,\"n100\":100}}","file://"]
L->P: CALL main:10 ["{\"method\":\"listDir\",\"params\":{\"path\":\"\"}}","file://"]
L->P: CALL main:11 ["{\"method\":\"theme.get\",\"params\":{}}","file://"]
L->P: CALL main:12 ["{\"method\":\"system.locale\",\"params\":{}}","file://"]
L->P: CALL main:13 ["{\"method\":\"win.getState\",\"params\":{}}","file://"]
L->P: CALL main:14 ["{\"method\":\"log\",\"params\":{\"msg\":\"WINDOW-E2E OK ping=true in 78ms\"}}","file://"]
injected TRAYBEGIN desktop-tray\t/work/repo/demo/icon.png\t0\ttypephp desktop acceptance\t1
injected ITEM tray-hello\tSay hello\t\t
injected ITEM tray-note\tWrite a note\t\t
injected TRAYEND
injected HKREG boss\tctrl+alt+shift+F12
L->P: TRAY tray-hello
L->P: TRAYCLICK
L->P: HOTKEY boss
