[shell] transport=unix-socket pipe=/tmp/tpgui-desktop/app.sock app=/work/repo/bin/run-backend.php app_kind=stock cwd=/work/repo/demo
[shell] launcher connected
[shell] P->L: READY
[shell] L->P: SYS theme light
[shell] L->P: WINSTATE main {"fullscreen":false,"maximized":false,"minimized":false,"focused":true}
[shell] P->L: EVAL@* window.__emit && window.__emit({"event":"theme","data":{"dark":false}})
[shell] P->L: EVAL@* window.__emit && window.__emit({"event":"window-state","data":{"win":"main","fullscreen":false,"maximized":false,"minimized":false,"focused":true}})
[shell] L->P: NAV {"window":"main","kind":"start","url":"file:///work/repo/demo/src/frontend/index.html"}
[shell] L->P: NAV {"window":"main","kind":"commit","url":"file:///work/repo/demo/src/frontend/index.html"}
[shell] L->P: NAV {"window":"main","kind":"finish","url":"file:///work/repo/demo/src/frontend/index.html"}
[shell] L->P: CALL main:1 ["{\"method\":\"client.hello\"}","file://"]
[shell] L->P: CALL main:2 ["{\"method\":\"win.getState\"}","file://"]
[shell] L->P: CALL main:3 ["{\"method\":\"menu.set\",\"params\":{\"menus\":[{\"title\":\"文件\",\"items\":[{\"id\":\"open\",\"label\":\"打开文件…\",\"key\":\"o\"},{\"id\":\"pick\",\"label\":\"选择文件夹…\"},{\"separator\":true},{\"id\":\"quit\",\"label\":\"退出\",\"key\":\"q\"}]},{\"title\":\"帮助\",\"items\":[{\"id\":\"about\",\"label\":\"关于 TypePHP\"}]}]}}","file://"]
[shell] L->P: CALL main:4 ["{\"method\":\"ping\",\"params\":{}}","file://"]
[shell] P->L: RET main:1 0 true
[shell] P->L: RET main:2 0 {"win":"main","fullscreen":false,"maximized":false,"minimized":false,"focused":true}
[shell] P->L: MENUBEGIN
[shell] P->L: MENU 文件
[shell] P->L: ITEM open	打开文件…	o	
[shell] P->L: ITEM pick	选择文件夹…		
[shell] P->L: SEP
[shell] P->L: ITEM quit	退出	q	
[shell] P->L: MENU 帮助
[shell] P->L: ITEM about	关于 TypePHP		
[shell] P->L: MENUEND
[shell] P->L: RET main:3 0 true
[shell] P->L: RET main:4 0 "pong"
[shell] L->P: CALL main:5 ["{\"method\":\"sysinfo\",\"params\":{}}","file://"]
[shell] P->L: RET main:5 0 {"runtime":"PHP 8.4.25","host":"tgl","cpu":"aarch64","pid":34186,"cwd":"/work/repo/demo","root":"/work/repo/demo","home":"/root","os":"Linux","backend":"stock PHP CLI (no AOT)"}
[shell] L->P: CALL main:6 ["{\"method\":\"api.fib\",\"params\":{\"n\":40}}","file://"]
[shell] P->L: RET main:6 0 102334155
[shell] L->P: CALL main:7 ["{\"method\":\"api.version\",\"params\":{}}","file://"]
[shell] P->L: RET main:7 0 {"php":"8.4.25","backend":"stock"}
[shell] L->P: CALL main:8 ["{\"method\":\"api.sha256\",\"params\":{\"text\":\"tinyjs\"}}","file://"]
[shell] P->L: RET main:8 0 "a817a2f26510d52ecfdfdab9d5a2e96952fd01f87e31b907fd5bb12ff67bd731"
[shell] L->P: CALL main:9 ["{\"method\":\"api.sum\",\"params\":{\"n1\":1,\"n2\":2,\"n3\":3,\"n4\":4,\"n5\":5,\"n6\":6,\"n7\":7,\"n8\":8,\"n9\":9,\"n10\":10,\"n11\":11,\"n12\":12,\"n13\":13,\"n14\":14,\"n15\":15,\"n16\":16,\"n17\":17,\"n18\":18,\"n19\":19,\"n20\":20,\"n21\":21,\"n22\":22,\"n23\":23,\"n24\":24,\"n25\":25,\"n26\":26,\"n27\":27,\"n28\":28,\"n29\":29,\"n30\":30,\"n31\":31,\"n32\":32,\"n33\":33,\"n34\":34,\"n35\":35,\"n36\":36,\"n37\":37,\"n38\":38,\"n39\":39,\"n40\":40,\"n41\":41,\"n42\":42,\"n43\":43,\"n44\":44,\"n45\":45,\"n46\":46,\"n47\":47,\"n48\":48,\"n49\":49,\"n50\":50,\"n51\":51,\"n52\":52,\"n53\":53,\"n54\":54,\"n55\":55,\"n56\":56,\"n57\":57,\"n58\":58,\"n59\":59,\"n60\":60,\"n61\":61,\"n62\":62,\"n63\":63,\"n64\":64,\"n65\":65,\"n66\":66,\"n67\":67,\"n68\":68,\"n69\":69,\"n70\":70,\"n71\":71,\"n72\":72,\"n73\":73,\"n74\":74,\"n75\":75,\"n76\":76,\"n77\":77,\"n78\":78,\"n79\":79,\"n80\":80,\"n81\":81,\"n82\":82,\"n83\":83,\"n84\":84,\"n85\":85,\"n86\":86,\"n87\":87,\"n88\":88,\"n89\":89,\"n90\":90,\"n91\":91,\"n92\":92,\"n93\":93,\"n94\":94,\"n95\":95,\"n96\":96,\"n97\":97,\"n98\":98,\"n99\":99,\"n100\":100}}","file://"]
[shell] P->L: RET main:9 0 5050
[shell] L->P: CALL main:10 ["{\"method\":\"listDir\",\"params\":{\"path\":\"/work/repo/demo\"}}","file://"]
[shell] L->P: CALL main:11 ["{\"method\":\"theme.get\",\"params\":{}}","file://"]
[shell] P->L: RET main:10 0 {"path":"/work/repo/demo","entries":[{"name":"src","isDir":true},{"name":"build.bat","isDir":false},{"name":"icon.png","isDir":false},{"name":"tinyjs.json","isDir":false}]}
[shell] P->L: RET main:11 0 {"dark":false}
[shell] L->P: CALL main:12 ["{\"method\":\"system.locale\",\"params\":{}}","file://"]
[shell] P->L: RET main:12 0 null
[shell] L->P: CALL main:13 ["{\"method\":\"win.getState\",\"params\":{}}","file://"]
[shell] P->L: RET main:13 0 {"win":"main","fullscreen":false,"maximized":false,"minimized":false,"focused":true}
[shell] L->P: CALL main:14 ["{\"method\":\"log\",\"params\":{\"msg\":\"WINDOW-E2E OK ping=pong in 140ms\"}}","file://"]
[shell] P->L: RET main:14 0 true
[shell] backend stderr: [php-backend] "WINDOW-E2E OK ping=pong in 140ms"
[shell] transport=unix-socket pipe=/tmp/tpgui-desktop/app.sock app=/work/repo/bin/run-backend.php app_kind=stock cwd=/work/repo/demo
[shell] launcher connected
[shell] P->L: READY
[shell] L->P: SYS theme light
[shell] L->P: WINSTATE main {"fullscreen":false,"maximized":false,"minimized":false,"focused":true}
[shell] P->L: EVAL@* window.__emit && window.__emit({"event":"theme","data":{"dark":false}})
[shell] P->L: EVAL@* window.__emit && window.__emit({"event":"window-state","data":{"win":"main","fullscreen":false,"maximized":false,"minimized":false,"focused":true}})
[shell] L->P: NAV {"window":"main","kind":"start","url":"file:///work/repo/demo/src/frontend/index.html"}
[shell] L->P: NAV {"window":"main","kind":"commit","url":"file:///work/repo/demo/src/frontend/index.html"}
[shell] L->P: NAV {"window":"main","kind":"finish","url":"file:///work/repo/demo/src/frontend/index.html"}
[shell] L->P: CALL main:1 ["{\"method\":\"client.hello\"}","file://"]
[shell] L->P: CALL main:2 ["{\"method\":\"win.getState\"}","file://"]
[shell] L->P: CALL main:3 ["{\"method\":\"menu.set\",\"params\":{\"menus\":[{\"title\":\"文件\",\"items\":[{\"id\":\"open\",\"label\":\"打开文件…\",\"key\":\"o\"},{\"id\":\"pick\",\"label\":\"选择文件夹…\"},{\"separator\":true},{\"id\":\"quit\",\"label\":\"退出\",\"key\":\"q\"}]},{\"title\":\"帮助\",\"items\":[{\"id\":\"about\",\"label\":\"关于 TypePHP\"}]}]}}","file://"]
[shell] L->P: CALL main:4 ["{\"method\":\"ping\",\"params\":{}}","file://"]
[shell] P->L: RET main:1 0 true
[shell] P->L: RET main:2 0 {"win":"main","fullscreen":false,"maximized":false,"minimized":false,"focused":true}
[shell] P->L: MENUBEGIN
[shell] P->L: MENU 文件
[shell] P->L: ITEM open	打开文件…	o	
[shell] P->L: ITEM pick	选择文件夹…		
[shell] P->L: SEP
[shell] P->L: ITEM quit	退出	q	
[shell] P->L: MENU 帮助
[shell] P->L: ITEM about	关于 TypePHP		
[shell] P->L: MENUEND
[shell] P->L: RET main:3 0 true
[shell] P->L: RET main:4 0 "pong"
[shell] L->P: CALL main:5 ["{\"method\":\"sysinfo\",\"params\":{}}","file://"]
[shell] P->L: RET main:5 0 {"runtime":"PHP 8.4.25","host":"tgl","cpu":"aarch64","pid":35009,"cwd":"/work/repo/demo","root":"/work/repo/demo","home":"/root","os":"Linux","backend":"stock PHP CLI (no AOT)"}
[shell] L->P: CALL main:6 ["{\"method\":\"api.fib\",\"params\":{\"n\":40}}","file://"]
[shell] P->L: RET main:6 0 102334155
[shell] L->P: CALL main:7 ["{\"method\":\"api.version\",\"params\":{}}","file://"]
[shell] P->L: RET main:7 0 {"php":"8.4.25","backend":"stock"}
[shell] L->P: CALL main:8 ["{\"method\":\"api.sha256\",\"params\":{\"text\":\"tinyjs\"}}","file://"]
[shell] P->L: RET main:8 0 "a817a2f26510d52ecfdfdab9d5a2e96952fd01f87e31b907fd5bb12ff67bd731"
[shell] L->P: CALL main:9 ["{\"method\":\"api.sum\",\"params\":{\"n1\":1,\"n2\":2,\"n3\":3,\"n4\":4,\"n5\":5,\"n6\":6,\"n7\":7,\"n8\":8,\"n9\":9,\"n10\":10,\"n11\":11,\"n12\":12,\"n13\":13,\"n14\":14,\"n15\":15,\"n16\":16,\"n17\":17,\"n18\":18,\"n19\":19,\"n20\":20,\"n21\":21,\"n22\":22,\"n23\":23,\"n24\":24,\"n25\":25,\"n26\":26,\"n27\":27,\"n28\":28,\"n29\":29,\"n30\":30,\"n31\":31,\"n32\":32,\"n33\":33,\"n34\":34,\"n35\":35,\"n36\":36,\"n37\":37,\"n38\":38,\"n39\":39,\"n40\":40,\"n41\":41,\"n42\":42,\"n43\":43,\"n44\":44,\"n45\":45,\"n46\":46,\"n47\":47,\"n48\":48,\"n49\":49,\"n50\":50,\"n51\":51,\"n52\":52,\"n53\":53,\"n54\":54,\"n55\":55,\"n56\":56,\"n57\":57,\"n58\":58,\"n59\":59,\"n60\":60,\"n61\":61,\"n62\":62,\"n63\":63,\"n64\":64,\"n65\":65,\"n66\":66,\"n67\":67,\"n68\":68,\"n69\":69,\"n70\":70,\"n71\":71,\"n72\":72,\"n73\":73,\"n74\":74,\"n75\":75,\"n76\":76,\"n77\":77,\"n78\":78,\"n79\":79,\"n80\":80,\"n81\":81,\"n82\":82,\"n83\":83,\"n84\":84,\"n85\":85,\"n86\":86,\"n87\":87,\"n88\":88,\"n89\":89,\"n90\":90,\"n91\":91,\"n92\":92,\"n93\":93,\"n94\":94,\"n95\":95,\"n96\":96,\"n97\":97,\"n98\":98,\"n99\":99,\"n100\":100}}","file://"]
[shell] P->L: RET main:9 0 5050
[shell] L->P: CALL main:10 ["{\"method\":\"listDir\",\"params\":{\"path\":\"/work/repo/demo\"}}","file://"]
[shell] L->P: CALL main:11 ["{\"method\":\"theme.get\",\"params\":{}}","file://"]
[shell] P->L: RET main:10 0 {"path":"/work/repo/demo","entries":[{"name":"src","isDir":true},{"name":"build.bat","isDir":false},{"name":"icon.png","isDir":false},{"name":"tinyjs.json","isDir":false}]}
[shell] P->L: RET main:11 0 {"dark":false}
[shell] L->P: CALL main:12 ["{\"method\":\"system.locale\",\"params\":{}}","file://"]
[shell] P->L: RET main:12 0 null
[shell] L->P: CALL main:13 ["{\"method\":\"win.getState\",\"params\":{}}","file://"]
[shell] P->L: RET main:13 0 {"win":"main","fullscreen":false,"maximized":false,"minimized":false,"focused":true}
[shell] L->P: CALL main:14 ["{\"method\":\"log\",\"params\":{\"msg\":\"WINDOW-E2E OK ping=pong in 94ms\"}}","file://"]
[shell] P->L: RET main:14 0 true
[shell] backend stderr: [php-backend] "WINDOW-E2E OK ping=pong in 94ms"
[shell] L->P: WINSTATE main {"fullscreen":false,"maximized":false,"minimized":true,"focused":true}
[shell] P->L: EVAL@* window.__emit && window.__emit({"event":"window-state","data":{"win":"main","fullscreen":false,"maximized":false,"minimized":true,"focused":true}})
[shell] L->P: WINSTATE main {"fullscreen":false,"maximized":false,"minimized":false,"focused":true}
[shell] P->L: EVAL@* window.__emit && window.__emit({"event":"window-state","data":{"win":"main","fullscreen":false,"maximized":false,"minimized":false,"focused":true}})
[shell] L->P: WINSTATE main {"fullscreen":false,"maximized":true,"minimized":false,"focused":true}
[shell] P->L: EVAL@* window.__emit && window.__emit({"event":"window-state","data":{"win":"main","fullscreen":false,"maximized":true,"minimized":false,"focused":true}})
[shell] transport=unix-socket pipe=/tmp/tpgui-desktop/app.sock app=/work/repo/bin/run-backend.php app_kind=stock cwd=/work/repo/demo
[shell] launcher connected
[shell] P->L: READY
[shell] L->P: SYS theme light
[shell] L->P: WINSTATE main {"fullscreen":false,"maximized":false,"minimized":false,"focused":true}
[shell] P->L: EVAL@* window.__emit && window.__emit({"event":"theme","data":{"dark":false}})
[shell] P->L: EVAL@* window.__emit && window.__emit({"event":"window-state","data":{"win":"main","fullscreen":false,"maximized":false,"minimized":false,"focused":true}})
[shell] L->P: NAV {"window":"main","kind":"start","url":"file:///work/repo/demo/src/frontend/index.html"}
[shell] L->P: NAV {"window":"main","kind":"commit","url":"file:///work/repo/demo/src/frontend/index.html"}
[shell] L->P: NAV {"window":"main","kind":"finish","url":"file:///work/repo/demo/src/frontend/index.html"}
[shell] L->P: CALL main:1 ["{\"method\":\"client.hello\"}","file://"]
[shell] L->P: CALL main:2 ["{\"method\":\"win.getState\"}","file://"]
[shell] L->P: CALL main:3 ["{\"method\":\"menu.set\",\"params\":{\"menus\":[{\"title\":\"文件\",\"items\":[{\"id\":\"open\",\"label\":\"打开文件…\",\"key\":\"o\"},{\"id\":\"pick\",\"label\":\"选择文件夹…\"},{\"separator\":true},{\"id\":\"quit\",\"label\":\"退出\",\"key\":\"q\"}]},{\"title\":\"帮助\",\"items\":[{\"id\":\"about\",\"label\":\"关于 TypePHP\"}]}]}}","file://"]
[shell] L->P: CALL main:4 ["{\"method\":\"ping\",\"params\":{}}","file://"]
[shell] P->L: RET main:1 0 true
[shell] P->L: RET main:2 0 {"win":"main","fullscreen":false,"maximized":false,"minimized":false,"focused":true}
[shell] P->L: MENUBEGIN
[shell] P->L: MENU 文件
[shell] P->L: ITEM open	打开文件…	o	
[shell] P->L: ITEM pick	选择文件夹…		
[shell] P->L: SEP
[shell] P->L: ITEM quit	退出	q	
[shell] P->L: MENU 帮助
[shell] P->L: ITEM about	关于 TypePHP		
[shell] P->L: MENUEND
[shell] P->L: RET main:3 0 true
[shell] P->L: RET main:4 0 "pong"
[shell] L->P: CALL main:5 ["{\"method\":\"sysinfo\",\"params\":{}}","file://"]
[shell] P->L: RET main:5 0 {"runtime":"PHP 8.4.25","host":"tgl","cpu":"aarch64","pid":35752,"cwd":"/work/repo/demo","root":"/work/repo/demo","home":"/root","os":"Linux","backend":"stock PHP CLI (no AOT)"}
[shell] L->P: CALL main:6 ["{\"method\":\"api.fib\",\"params\":{\"n\":40}}","file://"]
[shell] P->L: RET main:6 0 102334155
[shell] L->P: CALL main:7 ["{\"method\":\"api.version\",\"params\":{}}","file://"]
[shell] P->L: RET main:7 0 {"php":"8.4.25","backend":"stock"}
[shell] L->P: CALL main:8 ["{\"method\":\"api.sha256\",\"params\":{\"text\":\"tinyjs\"}}","file://"]
[shell] P->L: RET main:8 0 "a817a2f26510d52ecfdfdab9d5a2e96952fd01f87e31b907fd5bb12ff67bd731"
[shell] L->P: CALL main:9 ["{\"method\":\"api.sum\",\"params\":{\"n1\":1,\"n2\":2,\"n3\":3,\"n4\":4,\"n5\":5,\"n6\":6,\"n7\":7,\"n8\":8,\"n9\":9,\"n10\":10,\"n11\":11,\"n12\":12,\"n13\":13,\"n14\":14,\"n15\":15,\"n16\":16,\"n17\":17,\"n18\":18,\"n19\":19,\"n20\":20,\"n21\":21,\"n22\":22,\"n23\":23,\"n24\":24,\"n25\":25,\"n26\":26,\"n27\":27,\"n28\":28,\"n29\":29,\"n30\":30,\"n31\":31,\"n32\":32,\"n33\":33,\"n34\":34,\"n35\":35,\"n36\":36,\"n37\":37,\"n38\":38,\"n39\":39,\"n40\":40,\"n41\":41,\"n42\":42,\"n43\":43,\"n44\":44,\"n45\":45,\"n46\":46,\"n47\":47,\"n48\":48,\"n49\":49,\"n50\":50,\"n51\":51,\"n52\":52,\"n53\":53,\"n54\":54,\"n55\":55,\"n56\":56,\"n57\":57,\"n58\":58,\"n59\":59,\"n60\":60,\"n61\":61,\"n62\":62,\"n63\":63,\"n64\":64,\"n65\":65,\"n66\":66,\"n67\":67,\"n68\":68,\"n69\":69,\"n70\":70,\"n71\":71,\"n72\":72,\"n73\":73,\"n74\":74,\"n75\":75,\"n76\":76,\"n77\":77,\"n78\":78,\"n79\":79,\"n80\":80,\"n81\":81,\"n82\":82,\"n83\":83,\"n84\":84,\"n85\":85,\"n86\":86,\"n87\":87,\"n88\":88,\"n89\":89,\"n90\":90,\"n91\":91,\"n92\":92,\"n93\":93,\"n94\":94,\"n95\":95,\"n96\":96,\"n97\":97,\"n98\":98,\"n99\":99,\"n100\":100}}","file://"]
[shell] P->L: RET main:9 0 5050
[shell] L->P: CALL main:10 ["{\"method\":\"listDir\",\"params\":{\"path\":\"/work/repo/demo\"}}","file://"]
[shell] L->P: CALL main:11 ["{\"method\":\"theme.get\",\"params\":{}}","file://"]
[shell] P->L: RET main:10 0 {"path":"/work/repo/demo","entries":[{"name":"src","isDir":true},{"name":"build.bat","isDir":false},{"name":"icon.png","isDir":false},{"name":"tinyjs.json","isDir":false}]}
[shell] P->L: RET main:11 0 {"dark":false}
[shell] L->P: CALL main:12 ["{\"method\":\"system.locale\",\"params\":{}}","file://"]
[shell] P->L: RET main:12 0 null
[shell] L->P: CALL main:13 ["{\"method\":\"win.getState\",\"params\":{}}","file://"]
[shell] P->L: RET main:13 0 {"win":"main","fullscreen":false,"maximized":false,"minimized":false,"focused":true}
[shell] L->P: CALL main:14 ["{\"method\":\"log\",\"params\":{\"msg\":\"WINDOW-E2E OK ping=pong in 33ms\"}}","file://"]
[shell] P->L: RET main:14 0 true
[shell] backend stderr: [php-backend] "WINDOW-E2E OK ping=pong in 33ms"
[shell] L->P: WINSTATE main {"fullscreen":false,"maximized":false,"minimized":true,"focused":true}
[shell] P->L: EVAL@* window.__emit && window.__emit({"event":"window-state","data":{"win":"main","fullscreen":false,"maximized":false,"minimized":true,"focused":true}})
[shell] L->P: WINSTATE main {"fullscreen":false,"maximized":false,"minimized":false,"focused":true}
[shell] P->L: EVAL@* window.__emit && window.__emit({"event":"window-state","data":{"win":"main","fullscreen":false,"maximized":false,"minimized":false,"focused":true}})
[shell] L->P: WINSTATE main {"fullscreen":false,"maximized":true,"minimized":false,"focused":true}
[shell] P->L: EVAL@* window.__emit && window.__emit({"event":"window-state","data":{"win":"main","fullscreen":false,"maximized":true,"minimized":false,"focused":true}})
[shell] launcher closed
[shell] closing
[shell] done
[shell] transport=unix-socket pipe=/tmp/tpgui-desktop/app.sock app=/work/repo/bin/run-backend.php app_kind=stock cwd=/work/repo/demo
[shell] launcher connected
[shell] P->L: READY
[shell] L->P: SYS theme light
[shell] L->P: WINSTATE main {"fullscreen":false,"maximized":false,"minimized":false,"focused":true}
[shell] P->L: EVAL@* window.__emit && window.__emit({"event":"theme","data":{"dark":false}})
[shell] P->L: EVAL@* window.__emit && window.__emit({"event":"window-state","data":{"win":"main","fullscreen":false,"maximized":false,"minimized":false,"focused":true}})
[shell] L->P: NAV {"window":"main","kind":"start","url":"file:///work/repo/demo/src/frontend/index.html"}
[shell] L->P: NAV {"window":"main","kind":"commit","url":"file:///work/repo/demo/src/frontend/index.html"}
[shell] L->P: NAV {"window":"main","kind":"finish","url":"file:///work/repo/demo/src/frontend/index.html"}
[shell] L->P: CALL main:1 ["{\"method\":\"client.hello\"}","file://"]
[shell] L->P: CALL main:2 ["{\"method\":\"win.getState\"}","file://"]
[shell] L->P: CALL main:3 ["{\"method\":\"menu.set\",\"params\":{\"menus\":[{\"title\":\"文件\",\"items\":[{\"id\":\"open\",\"label\":\"打开文件…\",\"key\":\"o\"},{\"id\":\"pick\",\"label\":\"选择文件夹…\"},{\"separator\":true},{\"id\":\"quit\",\"label\":\"退出\",\"key\":\"q\"}]},{\"title\":\"帮助\",\"items\":[{\"id\":\"about\",\"label\":\"关于 TypePHP\"}]}]}}","file://"]
[shell] L->P: CALL main:4 ["{\"method\":\"ping\",\"params\":{}}","file://"]
[shell] P->L: RET main:1 0 true
[shell] P->L: RET main:2 0 {"win":"main","fullscreen":false,"maximized":false,"minimized":false,"focused":true}
[shell] P->L: MENUBEGIN
[shell] P->L: MENU 文件
[shell] P->L: ITEM open	打开文件…	o	
[shell] P->L: ITEM pick	选择文件夹…		
[shell] P->L: SEP
[shell] P->L: ITEM quit	退出	q	
[shell] P->L: MENU 帮助
[shell] P->L: ITEM about	关于 TypePHP		
[shell] P->L: MENUEND
[shell] P->L: RET main:3 0 true
[shell] P->L: RET main:4 0 "pong"
[shell] L->P: CALL main:5 ["{\"method\":\"sysinfo\",\"params\":{}}","file://"]
[shell] P->L: RET main:5 0 {"runtime":"PHP 8.4.25","host":"tgl","cpu":"aarch64","pid":36482,"cwd":"/work/repo/demo","root":"/work/repo/demo","home":"/root","os":"Linux","backend":"stock PHP CLI (no AOT)"}
[shell] L->P: CALL main:6 ["{\"method\":\"api.fib\",\"params\":{\"n\":40}}","file://"]
[shell] P->L: RET main:6 0 102334155
[shell] L->P: CALL main:7 ["{\"method\":\"api.version\",\"params\":{}}","file://"]
[shell] P->L: RET main:7 0 {"php":"8.4.25","backend":"stock"}
[shell] L->P: CALL main:8 ["{\"method\":\"api.sha256\",\"params\":{\"text\":\"tinyjs\"}}","file://"]
[shell] P->L: RET main:8 0 "a817a2f26510d52ecfdfdab9d5a2e96952fd01f87e31b907fd5bb12ff67bd731"
[shell] L->P: CALL main:9 ["{\"method\":\"api.sum\",\"params\":{\"n1\":1,\"n2\":2,\"n3\":3,\"n4\":4,\"n5\":5,\"n6\":6,\"n7\":7,\"n8\":8,\"n9\":9,\"n10\":10,\"n11\":11,\"n12\":12,\"n13\":13,\"n14\":14,\"n15\":15,\"n16\":16,\"n17\":17,\"n18\":18,\"n19\":19,\"n20\":20,\"n21\":21,\"n22\":22,\"n23\":23,\"n24\":24,\"n25\":25,\"n26\":26,\"n27\":27,\"n28\":28,\"n29\":29,\"n30\":30,\"n31\":31,\"n32\":32,\"n33\":33,\"n34\":34,\"n35\":35,\"n36\":36,\"n37\":37,\"n38\":38,\"n39\":39,\"n40\":40,\"n41\":41,\"n42\":42,\"n43\":43,\"n44\":44,\"n45\":45,\"n46\":46,\"n47\":47,\"n48\":48,\"n49\":49,\"n50\":50,\"n51\":51,\"n52\":52,\"n53\":53,\"n54\":54,\"n55\":55,\"n56\":56,\"n57\":57,\"n58\":58,\"n59\":59,\"n60\":60,\"n61\":61,\"n62\":62,\"n63\":63,\"n64\":64,\"n65\":65,\"n66\":66,\"n67\":67,\"n68\":68,\"n69\":69,\"n70\":70,\"n71\":71,\"n72\":72,\"n73\":73,\"n74\":74,\"n75\":75,\"n76\":76,\"n77\":77,\"n78\":78,\"n79\":79,\"n80\":80,\"n81\":81,\"n82\":82,\"n83\":83,\"n84\":84,\"n85\":85,\"n86\":86,\"n87\":87,\"n88\":88,\"n89\":89,\"n90\":90,\"n91\":91,\"n92\":92,\"n93\":93,\"n94\":94,\"n95\":95,\"n96\":96,\"n97\":97,\"n98\":98,\"n99\":99,\"n100\":100}}","file://"]
[shell] P->L: RET main:9 0 5050
[shell] L->P: CALL main:10 ["{\"method\":\"listDir\",\"params\":{\"path\":\"/work/repo/demo\"}}","file://"]
[shell] L->P: CALL main:11 ["{\"method\":\"theme.get\",\"params\":{}}","file://"]
[shell] P->L: RET main:10 0 {"path":"/work/repo/demo","entries":[{"name":"src","isDir":true},{"name":"build.bat","isDir":false},{"name":"icon.png","isDir":false},{"name":"tinyjs.json","isDir":false}]}
[shell] P->L: RET main:11 0 {"dark":false}
[shell] L->P: CALL main:12 ["{\"method\":\"system.locale\",\"params\":{}}","file://"]
[shell] P->L: RET main:12 0 null
[shell] L->P: CALL main:13 ["{\"method\":\"win.getState\",\"params\":{}}","file://"]
[shell] P->L: RET main:13 0 {"win":"main","fullscreen":false,"maximized":false,"minimized":false,"focused":true}
[shell] L->P: CALL main:14 ["{\"method\":\"log\",\"params\":{\"msg\":\"WINDOW-E2E OK ping=pong in 94ms\"}}","file://"]
[shell] P->L: RET main:14 0 true
[shell] backend stderr: [php-backend] "WINDOW-E2E OK ping=pong in 94ms"
[shell] L->P: WINSTATE main {"fullscreen":false,"maximized":false,"minimized":true,"focused":true}
[shell] P->L: EVAL@* window.__emit && window.__emit({"event":"window-state","data":{"win":"main","fullscreen":false,"maximized":false,"minimized":true,"focused":true}})
[shell] L->P: WINSTATE main {"fullscreen":false,"maximized":false,"minimized":false,"focused":true}
[shell] P->L: EVAL@* window.__emit && window.__emit({"event":"window-state","data":{"win":"main","fullscreen":false,"maximized":false,"minimized":false,"focused":true}})
[shell] L->P: WINSTATE main {"fullscreen":false,"maximized":true,"minimized":false,"focused":true}
[shell] P->L: EVAL@* window.__emit && window.__emit({"event":"window-state","data":{"win":"main","fullscreen":false,"maximized":true,"minimized":false,"focused":true}})
[shell] launcher closed
[shell] closing
[shell] done
