Initialized platform/backend: Linux + GCC (g++)
prepare: nano_trap.php
prepare completed: 1 source files in total
convert: nano_trap.php
generate arginfo file: nano_trap.php
Starting parallel compilation with 4 jobs for 122 files
[1/122] 1% work/tpc/vendor/swoole/php-nano/Zend/zend_API.c
[2/122] 2% work/tpc/vendor/swoole/php-nano/Zend/zend_execute.c
[3/122] 3% nano-entry-app_trap.cc
[4/122] 4% work/tpc/vendor/swoole/php-nano/ext/standard/array.c
[5/122] 5% work/tpc/vendor/swoole/php-nano/Zend/zend_inheritance.c
[6/122] 5% composer_extensions.cpp
[7/122] 6% work/tpc/vendor/swoole/php-nano/Zend/zend_alloc.c
[8/122] 7% work/tpc/vendor/swoole/php-nano/ext/standard/string.c
[9/122] 8% work/tpc/vendor/swoole/php-nano/Zend/zend_operators.c
[10/122] 9% work/tpc/vendor/swoole/php-nano/Zend/zend_strtod.c
[11/122] 10% /nano_trap.cc
[12/122] 10% work/tpc/vendor/swoole/php-nano/Zend/zend_frameless_function.c
[13/122] 11% work/tpc/vendor/swoole/php-nano/Zend/zend_object_handlers.c
[14/122] 12% work/tpc/vendor/swoole/php-nano/Zend/zend_hash.c
[15/122] 13% work/tpc/vendor/swoole/php-nano/main/streams/streams.c
[16/122] 14% work/tpc/vendor/swoole/php-nano/Zend/zend.c
[17/122] 14% work/tpc/vendor/swoole/phpx/src/typephp/typephp_main_nano.cc
[18/122] 15% work/tpc/vendor/swoole/php-nano/Zend/zend_gc.c
[19/122] 16% work/tpc/vendor/swoole/php-nano/Zend/zend_builtin_functions.c
[20/122] 17% work/tpc/vendor/swoole/php-nano/Zend/zend_execute_API.c
[21/122] 18% work/tpc/vendor/swoole/php-nano/main/output.c
[22/122] 19% work/tpc/vendor/swoole/php-nano/ext/standard/file.c
[23/122] 19% work/tpc/vendor/swoole/php-nano/main/streams/plain_wrapper.c
[24/122] 20% work/tpc/vendor/swoole/php-nano/ext/standard/html.c
[25/122] 21% work/tpc/vendor/swoole/phpx/src/core/scope.cc
[26/122] 22% work/tpc/vendor/swoole/php-nano/Zend/zend_virtual_cwd.c
[27/122] 23% work/tpc/vendor/swoole/php-nano/src/bcmath.c
[28/122] 23% work/tpc/vendor/swoole/php-nano/ext/bcmath/libbcmath/src/neg.c
[29/122] 24% work/tpc/vendor/swoole/php-nano/Zend/zend_opcode.c
[30/122] 25% work/tpc/vendor/swoole/php-nano/main/safe_bcmp.c
[31/122] 26% work/tpc/vendor/swoole/phpx/src/core/base.cc
[32/122] 27% work/tpc/vendor/swoole/php-nano/Zend/zend_exceptions.c
[33/122] 28% work/tpc/vendor/swoole/phpx/src/core/variant.cc
[34/122] 28% work/tpc/vendor/swoole/php-nano/Zend/zend_closures.c
[35/122] 29% work/tpc/vendor/swoole/php-nano/main/php_glob.c
[36/122] 30% work/tpc/vendor/swoole/php-nano/ext/standard/scanf.c
[37/122] 31% work/tpc/vendor/swoole/phpx/src/core/type_check.cc
[38/122] 32% work/tpc/vendor/swoole/php-nano/main/snprintf.c
[39/122] 32% work/tpc/vendor/swoole/php-nano/Zend/zend_ini.c
[40/122] 33% work/tpc/vendor/swoole/php-nano/main/explicit_bzero.c
[41/122] 34% work/tpc/vendor/swoole/phpx/src/typephp/typephp_property.cc
[42/122] 35% work/tpc/vendor/swoole/php-nano/Zend/zend_weakrefs.c
[43/122] 36% work/tpc/vendor/swoole/php-nano/Zend/zend_lazy_objects.c
[44/122] 37% work/tpc/vendor/swoole/php-nano/ext/bcmath/libbcmath/src/long2num.c
[45/122] 37% work/tpc/vendor/swoole/php-nano/main/php_ini.c
[46/122] 38% work/tpc/vendor/swoole/php-nano/main/streams/stream_errors.c
[47/122] 39% work/tpc/vendor/swoole/php-nano/Zend/zend_enum.c
[48/122] 40% work/tpc/vendor/swoole/php-nano/Zend/zend_float.c
[49/122] 41% work/tpc/vendor/swoole/php-nano/main/fopen_wrappers.c
[50/122] 41% work/tpc/vendor/swoole/php-nano/Zend/zend_interfaces.c
[51/122] 42% work/tpc/vendor/swoole/php-nano/ext/bcmath/libbcmath/src/zero.c
[52/122] 43% work/tpc/vendor/swoole/php-nano/main/streams/memory.c
[53/122] 44% work/tpc/vendor/swoole/php-nano/Zend/zend_default_classes.c
[54/122] 45% work/tpc/vendor/swoole/php-nano/main/spprintf.c
[55/122] 46% work/tpc/vendor/swoole/php-nano/ext/standard/url.c
[56/122] 46% work/tpc/vendor/swoole/php-nano/ext/bcmath/libbcmath/src/nearzero.c
[57/122] 47% work/tpc/vendor/swoole/php-nano/src/zend_compile_runtime.c
[58/122] 48% work/tpc/vendor/swoole/php-nano/Zend/zend_attributes.c
[59/122] 49% work/tpc/vendor/swoole/php-nano/main/streams/mmap.c
[60/122] 50% work/tpc/vendor/swoole/php-nano/Zend/zend_string.c
[61/122] 50% work/tpc/vendor/swoole/phpx/src/typephp/typephp_attribute.cc
[62/122] 51% work/tpc/vendor/swoole/php-nano/Zend/zend_observer.c
[63/122] 52% work/tpc/vendor/swoole/php-nano/ext/bcmath/libbcmath/src/rmzero.c
[64/122] 53% work/tpc/vendor/swoole/php-nano/ext/bcmath/libbcmath/src/div.c
[65/122] 54% work/tpc/vendor/swoole/php-nano/Zend/zend_constants.c
[66/122] 55% work/tpc/vendor/swoole/php-nano/main/streams/filter.c
[67/122] 55% work/tpc/vendor/swoole/php-nano/src/random.cpp
[68/122] 56% work/tpc/vendor/swoole/phpx/src/typephp/typephp_nano.cc
[69/122] 57% work/tpc/vendor/swoole/php-nano/ext/bcmath/libbcmath/src/int2num.c
[70/122] 58% work/tpc/vendor/swoole/php-nano/main/streams/transports.c
[71/122] 59% work/tpc/vendor/swoole/phpx/src/core/closure.cc
[72/122] 60% work/tpc/vendor/swoole/phpx/src/core/array.cc
[73/122] 60% work/tpc/vendor/swoole/php-nano/ext/bcmath/libbcmath/src/floor_or_ceil.c
[74/122] 61% work/tpc/vendor/swoole/php-nano/Zend/zend_extensions.c
[75/122] 62% work/tpc/vendor/swoole/phpx/thirdparty/wren-gc/src/wren_gc.c
[76/122] 63% work/tpc/vendor/swoole/php-nano/ext/bcmath/libbcmath/src/num2long.c
[77/122] 64% work/tpc/vendor/swoole/php-nano/Zend/zend_property_hooks.c
[78/122] 64% work/tpc/vendor/swoole/php-nano/ext/bcmath/libbcmath/src/add.c
[79/122] 65% work/tpc/vendor/swoole/php-nano/ext/bcmath/libbcmath/src/sub.c
[80/122] 66% work/tpc/vendor/swoole/phpx/src/typephp/typephp_call.cc
[81/122] 67% work/tpc/vendor/swoole/php-nano/src/core.cpp
[82/122] 68% work/tpc/vendor/swoole/phpx/src/core/foreach_iterator.cc
[83/122] 69% work/tpc/vendor/swoole/php-nano/ext/bcmath/libbcmath/src/num2str.c
[84/122] 69% work/tpc/vendor/swoole/php-nano/main/streams/cast.c
[85/122] 70% work/tpc/vendor/swoole/php-nano/Zend/zend_hrtime.c
[86/122] 71% work/tpc/vendor/swoole/php-nano/Zend/zend_objects.c
[87/122] 72% work/tpc/vendor/swoole/php-nano/main/php_open_temporary_file.c
[88/122] 73% work/tpc/vendor/swoole/php-nano/ext/bcmath/libbcmath/src/divmod.c
[89/122] 73% work/tpc/vendor/swoole/php-nano/Zend/zend_list.c
[90/122] 74% work/tpc/vendor/swoole/phpx/src/core/native_gc.cc
[91/122] 75% work/tpc/vendor/swoole/php-nano/main/php_scandir.c
[92/122] 76% work/tpc/vendor/swoole/php-nano/Zend/zend_sort.c
[93/122] 77% work/tpc/vendor/swoole/php-nano/ext/bcmath/libbcmath/src/raisemod.c
[94/122] 78% work/tpc/vendor/swoole/php-nano/Zend/zend_atomic.c
[95/122] 78% work/tpc/vendor/swoole/php-nano/ext/bcmath/libbcmath/src/doaddsub.c
[96/122] 79% work/tpc/vendor/swoole/php-nano/Zend/zend_ptr_stack.c
[97/122] 80% work/tpc/vendor/swoole/phpx/src/core/object.cc
[98/122] 81% work/tpc/vendor/swoole/php-nano/ext/bcmath/libbcmath/src/raise.c
[99/122] 82% work/tpc/vendor/swoole/phpx/src/typephp/typephp_trait.cc
[100/122] 82% work/tpc/vendor/swoole/php-nano/Zend/zend_smart_str.c
[101/122] 83% work/tpc/vendor/swoole/php-nano/main/streams/glob_wrapper.c
[102/122] 84% work/tpc/vendor/swoole/php-nano/Zend/zend_multibyte.c
[103/122] 85% work/tpc/vendor/swoole/php-nano/src/time.cpp
[104/122] 86% work/tpc/vendor/swoole/php-nano/Zend/zend_objects_API.c
[105/122] 87% work/tpc/vendor/swoole/phpx/src/core/debug.cc
[106/122] 87% work/tpc/vendor/swoole/php-nano/main/reentrancy.c
[107/122] 88% work/tpc/vendor/swoole/php-nano/main/strlcpy.c
[108/122] 89% work/tpc/vendor/swoole/php-nano/Zend/zend_llist.c
[109/122] 90% work/tpc/vendor/swoole/php-nano/Zend/zend_iterators.c
[110/122] 91% work/tpc/vendor/swoole/php-nano/src/extension.cpp
[111/122] 91% work/tpc/vendor/swoole/php-nano/ext/bcmath/libbcmath/src/recmul.c
[112/122] 92% work/tpc/vendor/swoole/php-nano/ext/bcmath/libbcmath/src/init.c
[113/122] 93% extension-app_trap.cc
[114/122] 94% work/tpc/vendor/swoole/php-nano/ext/bcmath/libbcmath/src/str2num.c
[115/122] 95% work/tpc/vendor/swoole/php-nano/ext/bcmath/libbcmath/src/round.c
[116/122] 96% work/tpc/vendor/swoole/php-nano/ext/bcmath/libbcmath/src/sqrt.c
[117/122] 96% work/tpc/vendor/swoole/php-nano/Zend/zend_variables.c
[118/122] 97% work/tpc/vendor/swoole/php-nano/ext/bcmath/libbcmath/src/convert.c
[119/122] 98% work/tpc/vendor/swoole/php-nano/Zend/zend_stack.c
[120/122] 99% work/tpc/vendor/swoole/php-nano/ext/bcmath/libbcmath/src/compare.c
[121/122] 99% work/tpc/vendor/swoole/phpx/src/core/string.cc
[122/122] 100% work/tpc/vendor/swoole/phpx/src/core/class.cc
Successfully compiled 122 files
g++ '@/tmp/tpgui-tier6/trapbuild/cache/link/app-trap.rsp' -o '/tmp/tpgui-tier6/app-trap' -Wl,--gc-sections
Auditing Nano runtime dependencies
Build successful: /tmp/tpgui-tier6/app-trap
