Initialized platform/backend: Linux + GCC (g++)
prepare: nano_ctrl.php
prepare completed: 1 source files in total
convert: nano_ctrl.php
generate arginfo file: nano_ctrl.php
Starting parallel compilation with 4 jobs for 138 files
[1/138] 1% work/tpc/vendor/swoole/php-nano/Zend/zend_API.c
[2/138] 2% work/tpc/vendor/swoole/php-nano/Zend/zend_execute.c
[3/138] 3% nano-entry-app_ctrl.cc
[4/138] 3% work/tpc/vendor/swoole/php-nano/ext/standard/array.c
[5/138] 4% composer_extensions.cpp
[6/138] 5% work/tpc/vendor/swoole/php-nano/Zend/zend_inheritance.c
[7/138] 6% work/tpc/vendor/swoole/php-nano/Zend/zend_frameless_function.c
[8/138] 6% work/tpc/vendor/swoole/php-nano/Zend/zend_alloc.c
[9/138] 7% work/tpc/vendor/swoole/php-nano/ext/standard/string.c
[10/138] 8% work/tpc/vendor/swoole/phpx/src/typephp/typephp_main_nano.cc
[11/138] 8% work/tpc/vendor/swoole/php-nano/Zend/zend_operators.c
[12/138] 9% work/tpc/vendor/swoole/php-nano/Zend/zend_strtod.c
[13/138] 10% work/tpc/vendor/swoole/php-nano/ext/standard/basic_functions.c
[14/138] 11% work/tpc/vendor/swoole/php-nano/Zend/zend_object_handlers.c
[15/138] 11% work/tpc/vendor/swoole/php-nano/Zend/zend_hash.c
[16/138] 12% work/tpc/vendor/swoole/php-nano/main/streams/streams.c
[17/138] 13% work/tpc/vendor/swoole/phpx/src/core/scope.cc
[18/138] 14% work/tpc/vendor/swoole/php-nano/Zend/zend.c
[19/138] 14% work/tpc/vendor/swoole/php-nano/Zend/zend_builtin_functions.c
[20/138] 15% work/tpc/vendor/swoole/php-nano/src/bcmath.c
[21/138] 16% work/tpc/vendor/swoole/php-nano/Zend/zend_gc.c
[22/138] 16% work/tpc/vendor/swoole/php-nano/ext/bcmath/libbcmath/src/neg.c
[23/138] 17% work/tpc/vendor/swoole/php-nano/ext/standard/file.c
[24/138] 18% work/tpc/vendor/swoole/php-nano/Zend/zend_execute_API.c
[25/138] 19% work/tpc/vendor/swoole/php-nano/main/output.c
[26/138] 19% work/tpc/vendor/swoole/php-nano/main/safe_bcmp.c
[27/138] 20% work/tpc/vendor/swoole/php-nano/main/streams/plain_wrapper.c
[28/138] 21% work/tpc/vendor/swoole/php-nano/ext/standard/html.c
[29/138] 22% work/tpc/vendor/swoole/php-nano/Zend/zend_virtual_cwd.c
[30/138] 22% work/tpc/vendor/swoole/phpx/src/core/type_check.cc
[31/138] 23% work/tpc/vendor/swoole/php-nano/Zend/zend_opcode.c
[32/138] 24% work/tpc/vendor/swoole/phpx/src/core/base.cc
[33/138] 24% work/tpc/vendor/swoole/php-nano/ext/random/engine_secure.c
[34/138] 25% work/tpc/vendor/swoole/phpx/src/core/variant.cc
[35/138] 26% work/tpc/vendor/swoole/php-nano/Zend/zend_exceptions.c
[36/138] 27% work/tpc/vendor/swoole/php-nano/main/explicit_bzero.c
[37/138] 27% work/tpc/vendor/swoole/php-nano/ext/standard/math.c
[38/138] 28% work/tpc/vendor/swoole/php-nano/Zend/zend_closures.c
[39/138] 29% work/tpc/vendor/swoole/php-nano/ext/bcmath/libbcmath/src/long2num.c
[40/138] 29% work/tpc/vendor/swoole/php-nano/main/php_glob.c
[41/138] 30% work/tpc/vendor/swoole/php-nano/ext/standard/scanf.c
[42/138] 31% work/tpc/vendor/swoole/php-nano/Zend/zend_float.c
[43/138] 32% work/tpc/vendor/swoole/php-nano/main/snprintf.c
[44/138] 32% work/tpc/vendor/swoole/php-nano/ext/bcmath/libbcmath/src/zero.c
[45/138] 33% work/tpc/vendor/swoole/php-nano/Zend/zend_ini.c
[46/138] 34% work/tpc/vendor/swoole/phpx/src/typephp/typephp_property.cc
[47/138] 35% work/tpc/vendor/swoole/php-nano/Zend/zend_weakrefs.c
[48/138] 35% work/tpc/vendor/swoole/php-nano/Zend/zend_default_classes.c
[49/138] 36% work/tpc/vendor/swoole/php-nano/Zend/zend_lazy_objects.c
[50/138] 37% work/tpc/vendor/swoole/php-nano/main/php_ini.c
[51/138] 37% work/tpc/vendor/swoole/php-nano/ext/bcmath/libbcmath/src/nearzero.c
[52/138] 38% work/tpc/vendor/swoole/php-nano/ext/random/random.c
[53/138] 39% work/tpc/vendor/swoole/php-nano/main/streams/stream_errors.c
[54/138] 40% work/tpc/vendor/swoole/php-nano/main/streams/mmap.c
[55/138] 40% work/tpc/vendor/swoole/php-nano/Zend/zend_enum.c
[56/138] 41% work/tpc/vendor/swoole/php-nano/main/fopen_wrappers.c
[57/138] 42% work/tpc/vendor/swoole/php-nano/Zend/zend_interfaces.c
[58/138] 43% work/tpc/vendor/swoole/php-nano/ext/bcmath/libbcmath/src/rmzero.c
[59/138] 43% work/tpc/vendor/swoole/php-nano/main/streams/memory.c
[60/138] 44% work/tpc/vendor/swoole/php-nano/main/spprintf.c
[61/138] 45% work/tpc/vendor/swoole/php-nano/ext/standard/url.c
[62/138] 45% work/tpc/vendor/swoole/php-nano/src/zend_compile_runtime.c
[63/138] 46% work/tpc/vendor/swoole/php-nano/Zend/zend_attributes.c
[64/138] 47% work/tpc/vendor/swoole/php-nano/src/random.cpp
[65/138] 48% work/tpc/vendor/swoole/php-nano/Zend/zend_string.c
[66/138] 48% work/tpc/vendor/swoole/php-nano/Zend/zend_observer.c
[67/138] 49% work/tpc/vendor/swoole/php-nano/ext/bcmath/libbcmath/src/int2num.c
[68/138] 50% work/tpc/vendor/swoole/php-nano/ext/bcmath/libbcmath/src/div.c
[69/138] 50% work/tpc/vendor/swoole/phpx/src/typephp/typephp_attribute.cc
[70/138] 51% work/tpc/vendor/swoole/php-nano/ext/bcmath/libbcmath/src/floor_or_ceil.c
[71/138] 52% work/tpc/vendor/swoole/php-nano/Zend/zend_constants.c
[72/138] 53% work/tpc/vendor/swoole/php-nano/main/streams/filter.c
[73/138] 53% work/tpc/vendor/swoole/php-nano/ext/bcmath/libbcmath/src/num2long.c
[74/138] 54% work/tpc/vendor/swoole/php-nano/ext/random/randomizer.c
[75/138] 55% work/tpc/vendor/swoole/php-nano/ext/bcmath/libbcmath/src/add.c
[76/138] 56% work/tpc/vendor/swoole/php-nano/ext/bcmath/libbcmath/src/sub.c
[77/138] 56% work/tpc/vendor/swoole/phpx/src/core/closure.cc
[78/138] 57% work/tpc/vendor/swoole/phpx/src/typephp/typephp_nano.cc
[79/138] 58% work/tpc/vendor/swoole/phpx/src/core/array.cc
[80/138] 58% work/tpc/vendor/swoole/php-nano/ext/bcmath/libbcmath/src/num2str.c
[81/138] 59% work/tpc/vendor/swoole/php-nano/main/streams/transports.c
[82/138] 60% work/tpc/vendor/swoole/php-nano/Zend/zend_extensions.c
[83/138] 61% work/tpc/vendor/swoole/php-nano/ext/random/engine_user.c
[84/138] 61% work/tpc/vendor/swoole/php-nano/Zend/zend_hrtime.c
[85/138] 62% work/tpc/vendor/swoole/php-nano/ext/random/zend_utils.c
[86/138] 63% work/tpc/vendor/swoole/phpx/src/typephp/typephp_call.cc
[87/138] 64% work/tpc/vendor/swoole/php-nano/ext/bcmath/libbcmath/src/divmod.c
[88/138] 64% work/tpc/vendor/swoole/phpx/src/std/core.cc
[89/138] 65% work/tpc/vendor/swoole/phpx/src/std/array.cc
[90/138] 66% work/tpc/vendor/swoole/phpx/thirdparty/wren-gc/src/wren_gc.c
[91/138] 66% work/tpc/vendor/swoole/php-nano/Zend/zend_property_hooks.c
[92/138] 67% work/tpc/vendor/swoole/php-nano/main/php_scandir.c
[93/138] 68% work/tpc/vendor/swoole/php-nano/ext/random/engine_mt19937.c
[94/138] 69% work/tpc/vendor/swoole/php-nano/ext/bcmath/libbcmath/src/raisemod.c
[95/138] 69% work/tpc/vendor/swoole/php-nano/Zend/zend_atomic.c
[96/138] 70% work/tpc/vendor/swoole/php-nano/main/streams/cast.c
[97/138] 71% work/tpc/vendor/swoole/php-nano/src/core.cpp
[98/138] 72% work/tpc/vendor/swoole/php-nano/Zend/zend_ptr_stack.c
[99/138] 72% work/tpc/vendor/swoole/php-nano/ext/standard/type.c
[100/138] 73% work/tpc/vendor/swoole/phpx/src/core/foreach_iterator.cc
[101/138] 74% work/tpc/vendor/swoole/php-nano/Zend/zend_objects.c
[102/138] 74% work/tpc/vendor/swoole/php-nano/main/php_open_temporary_file.c
[103/138] 75% work/tpc/vendor/swoole/php-nano/Zend/zend_list.c
[104/138] 76% work/tpc/vendor/swoole/phpx/src/core/native_gc.cc
[105/138] 77% work/tpc/vendor/swoole/phpx/src/core/debug.cc
[106/138] 77% work/tpc/vendor/swoole/php-nano/Zend/zend_sort.c
[107/138] 78% work/tpc/vendor/swoole/php-nano/main/strlcpy.c
[108/138] 79% work/tpc/vendor/swoole/php-nano/ext/bcmath/libbcmath/src/doaddsub.c
[109/138] 79% work/tpc/vendor/swoole/php-nano/Zend/zend_iterators.c
[110/138] 80% work/tpc/vendor/swoole/php-nano/ext/random/csprng.c
[111/138] 81% work/tpc/vendor/swoole/phpx/src/core/object.cc
[112/138] 82% work/tpc/vendor/swoole/php-nano/ext/bcmath/libbcmath/src/init.c
[113/138] 82% work/tpc/vendor/swoole/phpx/src/typephp/typephp_trait.cc
[114/138] 83% work/tpc/vendor/swoole/php-nano/ext/bcmath/libbcmath/src/raise.c
[115/138] 84% work/tpc/vendor/swoole/php-nano/ext/bcmath/libbcmath/src/sqrt.c
[116/138] 85% work/tpc/vendor/swoole/php-nano/Zend/zend_smart_str.c
[117/138] 85% work/tpc/vendor/swoole/php-nano/main/streams/glob_wrapper.c
[118/138] 86% work/tpc/vendor/swoole/php-nano/src/time.cpp
[119/138] 87% work/tpc/vendor/swoole/php-nano/ext/random/engine_xoshiro256starstar.c
[120/138] 87% work/tpc/vendor/swoole/php-nano/Zend/zend_multibyte.c
[121/138] 88% work/tpc/vendor/swoole/php-nano/Zend/zend_objects_API.c
[122/138] 89% work/tpc/vendor/swoole/php-nano/main/reentrancy.c
[123/138] 90% /nano_ctrl.cc
[124/138] 90% extension-app_ctrl.cc
[125/138] 91% work/tpc/vendor/swoole/php-nano/Zend/zend_llist.c
[126/138] 92% work/tpc/vendor/swoole/php-nano/Zend/zend_stack.c
[127/138] 93% work/tpc/vendor/swoole/php-nano/ext/bcmath/libbcmath/src/recmul.c
[128/138] 93% work/tpc/vendor/swoole/php-nano/ext/bcmath/libbcmath/src/str2num.c
[129/138] 94% work/tpc/vendor/swoole/php-nano/src/extension.cpp
[130/138] 95% work/tpc/vendor/swoole/php-nano/ext/standard/strnatcmp.c
[131/138] 95% work/tpc/vendor/swoole/php-nano/ext/random/engine_pcgoneseq128xslrr64.c
[132/138] 96% work/tpc/vendor/swoole/php-nano/ext/bcmath/libbcmath/src/round.c
[133/138] 97% work/tpc/vendor/swoole/php-nano/ext/random/gammasection.c
[134/138] 98% work/tpc/vendor/swoole/php-nano/Zend/zend_variables.c
[135/138] 98% work/tpc/vendor/swoole/php-nano/ext/bcmath/libbcmath/src/convert.c
[136/138] 99% work/tpc/vendor/swoole/php-nano/ext/bcmath/libbcmath/src/compare.c
[137/138] 99% work/tpc/vendor/swoole/phpx/src/core/string.cc
[138/138] 100% work/tpc/vendor/swoole/phpx/src/core/class.cc
Successfully compiled 138 files
g++ '@/tmp/tpgui-tier6/ctrlbuild/cache/link/app-ctrl.rsp' -o '/tmp/tpgui-tier6/app-ctrl' -Wl,--gc-sections
Auditing Nano runtime dependencies
Build successful: /tmp/tpgui-tier6/app-ctrl
