Initialized platform/backend: Linux + GCC (g++)
prepare: build/backend_aggregated.php
prepare completed: 1 source files in total
convert: build/backend_aggregated.php
generate arginfo file: build/backend_aggregated.php
Starting parallel compilation with 4 jobs for 240 files
[1/240] 1% work/tpc/vendor/swoole/php-nano/ext/pcre/pcre2lib/pcre2_jit_compile.c
[2/240] 1% work/tpc/vendor/swoole/php-nano/ext/pcre/pcre2lib/pcre2_ucd.c
[3/240] 2% work/tpc/vendor/swoole/php-nano/ext/pcre/pcre2lib/pcre2_compile.c
[4/240] 2% nano-entry-app_nano.cc
[5/240] 3% work/tpc/vendor/swoole/php-nano/ext/pcre/pcre2lib/pcre2_match.c
[6/240] 3% work/tpc/vendor/swoole/php-nano/ext/date/lib/parse_date.c
[7/240] 3% work/tpc/vendor/swoole/php-nano/ext/reflection/php_reflection.c
[8/240] 4% work/tpc/vendor/swoole/phpx/src/std/datetime.cc
[9/240] 4% work/tpc/vendor/swoole/php-nano/Zend/zend_frameless_function.c
[10/240] 5% work/tpc/vendor/swoole/php-nano/ext/standard/array.c
[11/240] 5% work/tpc/vendor/swoole/php-nano/Zend/zend_execute.c
[12/240] 5% work/tpc/vendor/swoole/phpx/src/typephp/typephp_main_nano.cc
[13/240] 6% composer_extensions.cpp
[14/240] 6% work/tpc/vendor/swoole/php-nano/Zend/zend_API.c
[15/240] 7% work/tpc/vendor/swoole/php-nano/ext/date/php_date.c
[16/240] 7% work/tpc/vendor/swoole/phpx/src/core/scope.cc
[17/240] 8% work/repo/build/backend_aggregated.cc
[18/240] 8% work/tpc/vendor/swoole/php-nano/Zend/zend_inheritance.c
[19/240] 8% work/tpc/vendor/swoole/php-nano/src/bcmath.c
[20/240] 9% work/tpc/vendor/swoole/php-nano/ext/pcre/pcre2lib/pcre2_dfa_match.c
[21/240] 9% work/tpc/vendor/swoole/php-nano/ext/standard/string.c
[22/240] 10% work/tpc/vendor/swoole/php-nano/Zend/zend_alloc.c
[23/240] 10% work/tpc/vendor/swoole/php-nano/Zend/zend_operators.c
[24/240] 10% work/tpc/vendor/swoole/php-nano/ext/spl/spl_iterators.c
[25/240] 11% work/tpc/vendor/swoole/php-nano/Zend/zend_strtod.c
[26/240] 11% work/tpc/vendor/swoole/phpx/src/std/math.cc
[27/240] 12% work/tpc/vendor/swoole/php-nano/ext/pcre/php_pcre.c
[28/240] 12% work/tpc/vendor/swoole/php-nano/ext/spl/spl_functions.c
[29/240] 13% work/tpc/vendor/swoole/php-nano/Zend/zend_object_handlers.c
[30/240] 13% work/tpc/vendor/swoole/php-nano/ext/bcmath/libbcmath/src/neg.c
[31/240] 13% work/tpc/vendor/swoole/php-nano/Zend/zend_hash.c
[32/240] 14% work/tpc/vendor/swoole/php-nano/ext/standard/basic_functions.c
[33/240] 14% work/tpc/vendor/swoole/php-nano/main/streams/streams.c
[34/240] 15% work/tpc/vendor/swoole/php-nano/Zend/zend.c
[35/240] 15% work/tpc/vendor/swoole/php-nano/Zend/zend_gc.c
[36/240] 15% work/tpc/vendor/swoole/php-nano/Zend/zend_builtin_functions.c
[37/240] 16% work/tpc/vendor/swoole/php-nano/ext/pcre/pcre2lib/pcre2_study.c
[38/240] 16% work/tpc/vendor/swoole/phpx/src/std/fs.cc
[39/240] 17% work/tpc/vendor/swoole/php-nano/ext/standard/file.c
[40/240] 17% work/tpc/vendor/swoole/php-nano/Zend/zend_execute_API.c
[41/240] 18% work/tpc/vendor/swoole/php-nano/ext/filter/callback_filter.c
[42/240] 18% work/tpc/vendor/swoole/php-nano/ext/spl/spl_array.c
[43/240] 18% work/tpc/vendor/swoole/php-nano/ext/json/json_parser.tab.c
[44/240] 19% work/tpc/vendor/swoole/php-nano/ext/hash/hash.c
[45/240] 19% work/tpc/vendor/swoole/php-nano/main/safe_bcmp.c
[46/240] 20% work/tpc/vendor/swoole/php-nano/main/output.c
[47/240] 20% work/tpc/vendor/swoole/php-nano/ext/standard/streamsfuncs.c
[48/240] 20% work/tpc/vendor/swoole/php-nano/ext/standard/var.c
[49/240] 21% work/tpc/vendor/swoole/php-nano/ext/standard/var_unserializer.c
[50/240] 21% work/tpc/vendor/swoole/php-nano/ext/standard/html.c
[51/240] 22% work/tpc/vendor/swoole/php-nano/main/streams/plain_wrapper.c
[52/240] 22% work/tpc/vendor/swoole/phpx/src/core/type_check.cc
[53/240] 23% work/tpc/vendor/swoole/php-nano/ext/spl/spl_observer.c
[54/240] 23% work/tpc/vendor/swoole/php-nano/ext/random/engine_secure.c
[55/240] 23% work/tpc/vendor/swoole/php-nano/Zend/zend_virtual_cwd.c
[56/240] 24% work/tpc/vendor/swoole/php-nano/main/explicit_bzero.c
[57/240] 24% work/tpc/vendor/swoole/php-nano/ext/bcmath/libbcmath/src/long2num.c
[58/240] 25% work/tpc/vendor/swoole/php-nano/ext/standard/info.c
[59/240] 25% work/tpc/vendor/swoole/phpx/src/core/base.cc
[60/240] 25% work/tpc/vendor/swoole/php-nano/Zend/zend_float.c
[61/240] 26% work/tpc/vendor/swoole/phpx/src/core/variant.cc
[62/240] 26% work/tpc/vendor/swoole/php-nano/ext/standard/base64.c
[63/240] 27% work/tpc/vendor/swoole/php-nano/ext/pcre/pcre2lib/pcre2_auto_possess.c
[64/240] 27% work/tpc/vendor/swoole/php-nano/ext/bcmath/libbcmath/src/zero.c
[65/240] 28% work/tpc/vendor/swoole/php-nano/Zend/zend_opcode.c
[66/240] 28% work/tpc/vendor/swoole/php-nano/ext/json/json_scanner.c
[67/240] 28% work/tpc/vendor/swoole/php-nano/Zend/zend_default_classes.c
[68/240] 29% work/tpc/vendor/swoole/php-nano/ext/spl/spl_heap.c
[69/240] 29% work/tpc/vendor/swoole/php-nano/Zend/zend_exceptions.c
[70/240] 30% work/tpc/vendor/swoole/php-nano/ext/bcmath/libbcmath/src/nearzero.c
[71/240] 30% work/tpc/vendor/swoole/php-nano/Zend/zend_closures.c
[72/240] 30% work/tpc/vendor/swoole/php-nano/ext/standard/math.c
[73/240] 31% work/tpc/vendor/swoole/php-nano/main/streams/mmap.c
[74/240] 31% work/tpc/vendor/swoole/php-nano/ext/pcre/pcre2lib/pcre2_convert.c
[75/240] 32% work/tpc/vendor/swoole/php-nano/ext/filter/logical_filters.c
[76/240] 32% work/tpc/vendor/swoole/php-nano/ext/bcmath/libbcmath/src/rmzero.c
[77/240] 33% work/tpc/vendor/swoole/php-nano/ext/pcre/pcre2lib/pcre2_substitute.c
[78/240] 33% work/tpc/vendor/swoole/php-nano/ext/spl/spl_dllist.c
[79/240] 33% work/tpc/vendor/swoole/phpx/src/typephp/typephp_property.cc
[80/240] 34% work/tpc/vendor/swoole/php-nano/ext/standard/filestat.c
[81/240] 34% work/tpc/vendor/swoole/php-nano/main/php_glob.c
[82/240] 35% work/tpc/vendor/swoole/php-nano/src/random.cpp
[83/240] 35% work/tpc/vendor/swoole/php-nano/ext/standard/scanf.c
[84/240] 35% work/tpc/vendor/swoole/php-nano/main/snprintf.c
[85/240] 36% work/tpc/vendor/swoole/php-nano/Zend/zend_ini.c
[86/240] 36% work/tpc/vendor/swoole/php-nano/ext/bcmath/libbcmath/src/int2num.c
[87/240] 37% work/tpc/vendor/swoole/php-nano/ext/spl/spl_fixedarray.c
[88/240] 37% work/tpc/vendor/swoole/php-nano/ext/hash/hash_sha.c
[89/240] 38% work/tpc/vendor/swoole/php-nano/Zend/zend_weakrefs.c
[90/240] 38% work/tpc/vendor/swoole/php-nano/ext/bcmath/libbcmath/src/floor_or_ceil.c
[91/240] 38% work/tpc/vendor/swoole/php-nano/Zend/zend_lazy_objects.c
[92/240] 39% work/tpc/vendor/swoole/php-nano/main/php_ini.c
[93/240] 39% work/tpc/vendor/swoole/php-nano/ext/bcmath/libbcmath/src/num2long.c
[94/240] 40% work/tpc/vendor/swoole/php-nano/ext/hash/hash_ripemd.c
[95/240] 40% work/tpc/vendor/swoole/php-nano/ext/random/random.c
[96/240] 40% work/tpc/vendor/swoole/php-nano/ext/bcmath/libbcmath/src/add.c
[97/240] 41% work/tpc/vendor/swoole/php-nano/ext/date/lib/parse_tz.c
[98/240] 41% work/tpc/vendor/swoole/php-nano/main/streams/stream_errors.c
[99/240] 42% work/tpc/vendor/swoole/php-nano/Zend/zend_enum.c
[100/240] 42% work/tpc/vendor/swoole/php-nano/ext/bcmath/libbcmath/src/sub.c
[101/240] 43% work/tpc/vendor/swoole/php-nano/ext/date/lib/parse_iso_intervals.c
[102/240] 43% work/tpc/vendor/swoole/php-nano/ext/bcmath/libbcmath/src/num2str.c
[103/240] 43% work/tpc/vendor/swoole/php-nano/main/fopen_wrappers.c
[104/240] 44% work/tpc/vendor/swoole/php-nano/ext/filter/filter.c
[105/240] 44% work/tpc/vendor/swoole/php-nano/ext/standard/formatted_print.c
[106/240] 45% work/tpc/vendor/swoole/php-nano/ext/hash/murmur/PMurHash128.c
[107/240] 45% work/tpc/vendor/swoole/php-nano/ext/random/engine_user.c
[108/240] 45% work/tpc/vendor/swoole/php-nano/Zend/zend_interfaces.c
[109/240] 46% work/tpc/vendor/swoole/php-nano/main/streams/memory.c
[110/240] 46% work/tpc/vendor/swoole/php-nano/main/spprintf.c
[111/240] 47% work/tpc/vendor/swoole/php-nano/ext/hash/hash_adler32.c
[112/240] 47% work/tpc/vendor/swoole/php-nano/ext/spl/php_spl.c
[113/240] 48% work/tpc/vendor/swoole/php-nano/ext/standard/url.c
[114/240] 48% work/tpc/vendor/swoole/php-nano/ext/hash/hash_joaat.c
[115/240] 48% work/tpc/vendor/swoole/php-nano/ext/hash/hash_haval.c
[116/240] 49% work/tpc/vendor/swoole/php-nano/Zend/zend_hrtime.c
[117/240] 49% work/tpc/vendor/swoole/php-nano/ext/json/json_encoder.c
[118/240] 50% work/tpc/vendor/swoole/php-nano/ext/pcre/pcre2lib/pcre2_substring.c
[119/240] 50% work/tpc/vendor/swoole/phpx/src/core/big_int_nano.cc
[120/240] 50% work/tpc/vendor/swoole/php-nano/src/zend_compile_runtime.c
[121/240] 51% work/tpc/vendor/swoole/phpx/src/std/hash.cc
[122/240] 51% work/tpc/vendor/swoole/phpx/src/typephp/typephp_attribute.cc
[123/240] 52% work/tpc/vendor/swoole/php-nano/Zend/zend_attributes.c
[124/240] 52% work/tpc/vendor/swoole/php-nano/ext/random/zend_utils.c
[125/240] 53% extension-app_nano.cc
[126/240] 53% work/tpc/vendor/swoole/php-nano/Zend/zend_string.c
[127/240] 53% work/tpc/vendor/swoole/php-nano/Zend/zend_observer.c
[128/240] 54% work/tpc/vendor/swoole/php-nano/ext/date/php_time.c
[129/240] 54% work/tpc/vendor/swoole/php-nano/ext/bcmath/libbcmath/src/div.c
[130/240] 55% work/tpc/vendor/swoole/php-nano/Zend/zend_constants.c
[131/240] 55% work/tpc/vendor/swoole/php-nano/ext/bcmath/libbcmath/src/divmod.c
[132/240] 56% work/tpc/vendor/swoole/php-nano/main/streams/filter.c
[133/240] 56% work/tpc/vendor/swoole/php-nano/ext/standard/css.c
[134/240] 56% work/tpc/vendor/swoole/php-nano/ext/hash/hash_whirlpool.c
[135/240] 57% work/tpc/vendor/swoole/php-nano/ext/pcre/pcre2lib/pcre2_context.c
[136/240] 57% work/tpc/vendor/swoole/php-nano/main/php_scandir.c
[137/240] 58% work/tpc/vendor/swoole/php-nano/ext/standard/dir.c
[138/240] 58% work/tpc/vendor/swoole/php-nano/ext/bcmath/libbcmath/src/raisemod.c
[139/240] 58% work/tpc/vendor/swoole/phpx/src/core/closure.cc
[140/240] 59% work/tpc/vendor/swoole/phpx/src/core/array.cc
[141/240] 59% work/tpc/vendor/swoole/php-nano/Zend/zend_atomic.c
[142/240] 60% work/tpc/vendor/swoole/php-nano/ext/date/lib/tm2unixtime.c
[143/240] 60% work/tpc/vendor/swoole/php-nano/Zend/zend_ptr_stack.c
[144/240] 60% work/tpc/vendor/swoole/php-nano/ext/random/randomizer.c
[145/240] 61% work/tpc/vendor/swoole/php-nano/main/streams/transports.c
[146/240] 61% work/tpc/vendor/swoole/php-nano/ext/spl/spl_exceptions.c
[147/240] 62% work/tpc/vendor/swoole/phpx/src/typephp/typephp_nano.cc
[148/240] 62% work/tpc/vendor/swoole/php-nano/Zend/zend_extensions.c
[149/240] 63% work/tpc/vendor/swoole/phpx/src/typephp/typephp_call.cc
[150/240] 63% work/tpc/vendor/swoole/phpx/src/core/debug.cc
[151/240] 63% work/tpc/vendor/swoole/php-nano/ext/pcre/pcre2lib/pcre2_error.c
[152/240] 64% work/tpc/vendor/swoole/phpx/src/std/array.cc
[153/240] 64% work/tpc/vendor/swoole/phpx/src/std/core.cc
[154/240] 65% work/tpc/vendor/swoole/php-nano/main/strlcpy.c
[155/240] 65% work/tpc/vendor/swoole/php-nano/ext/date/lib/parse_posix.c
[156/240] 65% work/tpc/vendor/swoole/php-nano/ext/pcre/pcre2lib/pcre2_chkdint.c
[157/240] 66% work/tpc/vendor/swoole/php-nano/ext/pcre/pcre2lib/pcre2_valid_utf.c
[158/240] 66% work/tpc/vendor/swoole/php-nano/Zend/zend_property_hooks.c
[159/240] 67% work/tpc/vendor/swoole/php-nano/ext/random/engine_mt19937.c
[160/240] 67% work/tpc/vendor/swoole/phpx/thirdparty/wren-gc/src/wren_gc.c
[161/240] 68% work/tpc/vendor/swoole/php-nano/Zend/zend_iterators.c
[162/240] 68% work/tpc/vendor/swoole/php-nano/main/streams/cast.c
[163/240] 68% work/tpc/vendor/swoole/php-nano/ext/pcre/pcre2lib/pcre2_script_run.c
[164/240] 69% work/tpc/vendor/swoole/php-nano/ext/bcmath/libbcmath/src/init.c
[165/240] 69% work/tpc/vendor/swoole/php-nano/src/core.cpp
[166/240] 70% work/tpc/vendor/swoole/php-nano/ext/bcmath/libbcmath/src/sqrt.c
[167/240] 70% work/tpc/vendor/swoole/php-nano/ext/pcre/pcre2lib/pcre2_ord2utf.c
[168/240] 70% work/tpc/vendor/swoole/php-nano/ext/hash/hash_gost.c
[169/240] 71% work/tpc/vendor/swoole/php-nano/ext/pcre/pcre2lib/pcre2_pattern_info.c
[170/240] 71% work/tpc/vendor/swoole/phpx/src/core/foreach_iterator.cc
[171/240] 72% work/tpc/vendor/swoole/php-nano/Zend/zend_stack.c
[172/240] 72% work/tpc/vendor/swoole/php-nano/ext/date/lib/astro.c
[173/240] 73% work/tpc/vendor/swoole/php-nano/ext/date/time_duration.c
[174/240] 73% work/tpc/vendor/swoole/php-nano/ext/standard/strnatcmp.c
[175/240] 73% work/tpc/vendor/swoole/phpx/src/core/decimal_nano.cc
[176/240] 74% work/tpc/vendor/swoole/php-nano/ext/date/lib/interval.c
[177/240] 74% work/tpc/vendor/swoole/php-nano/ext/standard/type.c
[178/240] 75% work/tpc/vendor/swoole/php-nano/ext/hash/hash_crc32.c
[179/240] 75% work/tpc/vendor/swoole/php-nano/Zend/zend_objects.c
[180/240] 75% work/tpc/vendor/swoole/php-nano/ext/random/gammasection.c
[181/240] 76% work/tpc/vendor/swoole/php-nano/ext/standard/sha1.c
[182/240] 76% work/tpc/vendor/swoole/php-nano/main/php_open_temporary_file.c
[183/240] 77% work/tpc/vendor/swoole/php-nano/ext/bcmath/libbcmath/src/compare.c
[184/240] 77% work/tpc/vendor/swoole/php-nano/ext/date/lib/timelib.c
[185/240] 78% work/tpc/vendor/swoole/php-nano/ext/date/lib/duration.c
[186/240] 78% work/tpc/vendor/swoole/phpx/src/core/native_gc.cc
[187/240] 78% work/tpc/vendor/swoole/php-nano/ext/standard/incomplete_class.c
[188/240] 79% work/tpc/vendor/swoole/php-nano/ext/hash/hash_md.c
[189/240] 79% work/tpc/vendor/swoole/php-nano/ext/json/json.c
[190/240] 80% work/tpc/vendor/swoole/php-nano/ext/standard/md5.c
[191/240] 80% work/tpc/vendor/swoole/php-nano/ext/pcre/pcre2lib/pcre2_serialize.c
[192/240] 80% work/tpc/vendor/swoole/php-nano/ext/hash/hash_sha3.c
[193/240] 81% work/tpc/vendor/swoole/php-nano/ext/pcre/pcre2lib/pcre2_tables.c
[194/240] 81% work/tpc/vendor/swoole/php-nano/Zend/zend_list.c
[195/240] 82% work/tpc/vendor/swoole/php-nano/ext/filter/sanitizing_filters.c
[196/240] 82% work/tpc/vendor/swoole/php-nano/ext/pcre/pcre2lib/pcre2_xclass.c
[197/240] 83% work/tpc/vendor/swoole/phpx/src/core/class.cc
[198/240] 83% work/tpc/vendor/swoole/phpx/src/std/string.cc
[199/240] 83% work/tpc/vendor/swoole/php-nano/ext/bcmath/libbcmath/src/convert.c
[200/240] 84% work/tpc/vendor/swoole/php-nano/Zend/zend_sort.c
[201/240] 84% work/tpc/vendor/swoole/phpx/src/core/object.cc
[202/240] 85% work/tpc/vendor/swoole/php-nano/Zend/zend_variables.c
[203/240] 85% work/tpc/vendor/swoole/php-nano/ext/pcre/pcre2lib/pcre2_extuni.c
[204/240] 85% work/tpc/vendor/swoole/phpx/src/typephp/typephp_trait.cc
[205/240] 86% work/tpc/vendor/swoole/php-nano/ext/bcmath/libbcmath/src/doaddsub.c
[206/240] 86% work/tpc/vendor/swoole/php-nano/ext/hash/hash_xxhash.c
[207/240] 87% work/tpc/vendor/swoole/php-nano/ext/random/csprng.c
[208/240] 87% work/tpc/vendor/swoole/php-nano/ext/bcmath/libbcmath/src/raise.c
[209/240] 88% work/tpc/vendor/swoole/php-nano/ext/hash/hash_murmur.c
[210/240] 88% work/tpc/vendor/swoole/php-nano/ext/pcre/pcre2lib/pcre2_config.c
[211/240] 88% work/tpc/vendor/swoole/php-nano/ext/pcre/pcre2lib/pcre2_chartables.c
[212/240] 89% work/tpc/vendor/swoole/php-nano/ext/hash/hash_tiger.c
[213/240] 89% work/tpc/vendor/swoole/phpx/src/std/misc.cc
[214/240] 90% work/tpc/vendor/swoole/php-nano/Zend/zend_smart_str.c
[215/240] 90% work/tpc/vendor/swoole/php-nano/ext/standard/credits.c
[216/240] 90% work/tpc/vendor/swoole/php-nano/src/time.cpp
[217/240] 91% work/tpc/vendor/swoole/php-nano/main/streams/glob_wrapper.c
[218/240] 91% work/tpc/vendor/swoole/phpx/src/core/big_float_nano.cc
[219/240] 92% work/tpc/vendor/swoole/php-nano/ext/random/engine_xoshiro256starstar.c
[220/240] 92% work/tpc/vendor/swoole/php-nano/ext/hash/murmur/PMurHash.c
[221/240] 93% work/tpc/vendor/swoole/php-nano/Zend/zend_multibyte.c
[222/240] 93% work/tpc/vendor/swoole/php-nano/ext/pcre/pcre2lib/pcre2_find_bracket.c
[223/240] 93% work/tpc/vendor/swoole/php-nano/Zend/zend_objects_API.c
[224/240] 94% work/tpc/vendor/swoole/php-nano/main/reentrancy.c
[225/240] 94% work/tpc/vendor/swoole/php-nano/ext/date/lib/unixtime2tm.c
[226/240] 95% work/tpc/vendor/swoole/php-nano/Zend/zend_llist.c
[227/240] 95% work/tpc/vendor/swoole/phpx/src/core/string.cc
[228/240] 95% work/tpc/vendor/swoole/php-nano/ext/bcmath/libbcmath/src/recmul.c
[229/240] 96% work/tpc/vendor/swoole/php-nano/ext/pcre/pcre2lib/pcre2_maketables.c
[230/240] 96% work/tpc/vendor/swoole/php-nano/ext/bcmath/libbcmath/src/str2num.c
[231/240] 97% work/tpc/vendor/swoole/php-nano/ext/hash/hash_fnv.c
[232/240] 97% work/tpc/vendor/swoole/php-nano/src/extension.cpp
[233/240] 98% work/tpc/vendor/swoole/php-nano/ext/pcre/pcre2lib/pcre2_match_data.c
[234/240] 98% work/tpc/vendor/swoole/php-nano/ext/pcre/pcre2lib/pcre2_newline.c
[235/240] 98% work/tpc/vendor/swoole/php-nano/ext/random/engine_pcgoneseq128xslrr64.c
[236/240] 99% work/tpc/vendor/swoole/php-nano/ext/bcmath/libbcmath/src/round.c
[237/240] 99% work/tpc/vendor/swoole/php-nano/ext/pcre/pcre2lib/pcre2_string_utils.c
[238/240] 99% work/tpc/vendor/swoole/php-nano/ext/date/lib/dow.c
[239/240] 99% work/tpc/vendor/swoole/php-nano/ext/standard/versioning.c
[240/240] 100% work/tpc/vendor/swoole/php-nano/ext/hash/hash_snefru.c
Successfully compiled 240 files
g++ '@/tmp/tpgui-tier6/nanobuild/cache/link/app-nano.rsp' -o '/tmp/tpgui-tier6/app-nano' -Wl,--gc-sections
/usr/bin/ld: /tmp/tpgui-tier6/nanobuild/cache/objects/nano/closure-f8759031b18c.o: in function `php::makeScopedCallableImpl(php::Variant const&, php::CallableScope const&, bool)::{lambda(_zend_execute_data*, _zval_struct*, php::Object&, php::Args&)#1}::operator()(_zend_execute_data*, _zval_struct*, php::Object&, php::Args&) const':
closure.cc:(.text._ZZN3phpL22makeScopedCallableImplERKNS_7VariantERKNS_13CallableScopeEbENKUlP18_zend_execute_dataP12_zval_structRNS_6ObjectERNS_4ArgsEE_clES7_S9_SB_SD_+0xec): undefined reference to `php::Args::get(unsigned long) const'
collect2: error: ld returned 1 exit status
Fatal error: link failed: /tmp/tpgui-tier6/app-nano
#0 /work/tpc/src/Diagnostics/CompilerDiagnosticTrait.php(22): TypePhp\Diagnostics\CliDiagnosticReporter->fatal('...')
#1 /work/tpc/src/Translator.php(2982): TypePhp\CompilerBase->error('...')
#2 /work/tpc/src/Translator.php(2942): TypePhp\Translator->linkNativeTarget(Array, '...')
#3 /work/tpc/src/Build/ProjectBuildRunner.php(104): TypePhp\Translator->build(Array)
#4 /work/tpc/src/Build/ProjectBuildRunner.php(31): TypePhp\Build\ProjectBuildRunner->compileAndLink(Array)
#5 /work/tpc/src/compiler.php(79): TypePhp\Build\ProjectBuildRunner->run(Array)
#6 /work/tpc/bin/tpc.php(8): runCompiler(8, Array, Object(TypePhp\Build\CompilerRuntime))
