### POSIX-branch verification evidence — full kit
### generated 2026-09-26T13:54:36Z  host=Darwin 25.6.0
### backend_shell.cpp sha256: 6c414d93b68c340207e0ecc62f3af1a3f921130ad1c22c6a4a4da4d21b3bc479
### g++: Apple clang version 21.0.0 (clang-2100.1.1.101)
### fixture oracle: /Volumes/data/Application/anaconda3/bin/python3 Python 3.13.9
### PHP: /opt/homebrew/bin/php

########## [0] host primitive probe ##########
  AF_UNIX bind+listen   : OK (sun_path=104)
  fork+execv+dup2 child : OK (pid=47295)
  accept()              : OK (new fd)
  poll(0)+read frame    : OK (18 bytes: hello-from-client
)  socket EOF (read==0)  : OK
  signal(SIGPIPE,IGN)   : OK
  waitpid reaps children: OK

PROBE: ALL PRIMITIVES PRESENT
PROBE_RC=0

########## [1] TIER 1: mock backend ##########
======================================================================
 POSIX shim verification   (backend_shell.cpp @ Darwin)
======================================================================
== [1/5] fixture self-test (mock launcher vs mock backend) ==
  [PASS] kit fixtures agree on the frame protocol
== [2/5] build the POSIX branch ==
  [PASS] compiled clean with -Wall -Wextra (57360 bytes)
  [PASS] no warnings
  [PASS] built the C client (mock_launcher)
== [3/5] start the shim (backend: /Volumes/data/git/php/typephp-tinygui/test/posix/mock_backend.py) ==
  [PASS] AF_UNIX listening socket created: /Volumes/data/git/php/typephp-tinygui/test/posix/.work/app.sock
  [PASS] shim reports transport=unix-socket
== [4/5] frame exchange over the socket ==
  [PASS] protocol round-trip clean over AF_UNIX
     connected to /Volumes/data/git/php/typephp-tinygui/test/posix/.work/app.sock
     banner ok: 'READY'
     calls ok: 5 CALL -> 5 RET, 5 EVAL frames pushed ahead of them
     closed the connection; the shim should now shut down on its own
== [5/5] teardown ==
  [PASS] shim exited 0 on its own
  [PASS] shim logged 'launcher closed'
  [PASS] no backend write failures
  [PASS] socket file unlinked on exit

----------------------------------------------------------------------
frames: CALL=5 RET=5
log: /Volumes/data/git/php/typephp-tinygui/test/posix/.work/shim.log
RESULT: 11 passed, 0 failed
POSIX BRANCH OK
TIER1_RC=0

########## [2] TIER 2: real PHP backend ##########
PHP backend interpreter: /opt/homebrew/bin/php (PHP_VERSION_ID=80507)
wrapper: /Volumes/data/git/php/typephp-tinygui/test/posix/.work/tier2_backend.php
          (shebang -> /opt/homebrew/bin/php)
======================================================================
 POSIX shim verification   (backend_shell.cpp @ Darwin)
======================================================================
== [1/5] fixture self-test (mock launcher vs mock backend) ==
  [PASS] kit fixtures agree on the frame protocol
== [2/5] build the POSIX branch ==
  [PASS] compiled clean with -Wall -Wextra (57360 bytes)
  [PASS] no warnings
  [PASS] built the C client (mock_launcher)
== [3/5] start the shim (backend: /Volumes/data/git/php/typephp-tinygui/test/posix/.work/tier2_backend.php) ==
  [PASS] AF_UNIX listening socket created: /Volumes/data/git/php/typephp-tinygui/test/posix/.work/app.sock
  [PASS] shim reports transport=unix-socket
== [4/5] frame exchange over the socket ==
  [PASS] protocol round-trip clean over AF_UNIX
     connected to /Volumes/data/git/php/typephp-tinygui/test/posix/.work/app.sock
     banner ok: 'READY'
     calls ok: 5 CALL -> 5 RET, 10 EVAL frames pushed ahead of them
     closed the connection; the shim should now shut down on its own
== [5/5] teardown ==
  [PASS] shim exited 0 on its own
  [PASS] shim logged 'launcher closed'
  [PASS] no backend write failures
  [PASS] socket file unlinked on exit

----------------------------------------------------------------------
frames: CALL=5 RET=5
log: /Volumes/data/git/php/typephp-tinygui/test/posix/.work/shim.log
RESULT: 11 passed, 0 failed
POSIX BRANCH OK
TIER2_RC=0

########## [3] LAUNCH MODE: packaged entry ##########
======================================================================
 POSIX packaged-entry (--launch) verification   @ Darwin
======================================================================
== [1/4] build both binaries ==
  [PASS] shim compiled clean (-Wall -Wextra)
  [PASS] mock launcher compiled clean
== [2/4] stage a portable app folder (what a Linux user would unzip) ==
  [PASS] staged /Volumes/data/git/php/typephp-tinygui/test/posix/.work/launch/posixshim.conf (+ frontend/)
       # generated by launch-mode.sh
       html=frontend/index.html
       title=POSIX Launch Test
       size=800x600
       version=0.0.1
       app=/Volumes/data/git/php/typephp-tinygui/test/posix/mock_backend.py
       launcher=/Volumes/data/git/php/typephp-tinygui/test/posix/.work/launch/mock_launcher
== [3/4] run the entry with NO arguments (argc==1 => launch mode) ==
  [PASS] entry exited 0 on its own
== [4/4] assertions (all evidence comes from the entry's own log) ==
  [PASS] spawned the launcher (conf launcher= resolved)
  [PASS] launcher connected over AF_UNIX
  [PASS] endpoint created by the entry (transport=unix-socket)
  [PASS] conf parsed and handed to the launcher in the right order
  [PASS] pump round-tripped 6 CALL / 6 RET
  [PASS] entry noticed the launcher going away
  [PASS] endpoint is the derived exe-dir path (/Volumes/data/git/php/typephp-tinygui/test/posix/.work/launch/app.sock)
  [PASS] socket file unlinked on exit
  [PASS] orphan check has a working positive control (it sees a live process)
  [PASS] no orphaned launcher/entry processes

----------------------------------------------------------------------
frames: CALL=6 RET=6
log: /Volumes/data/git/php/typephp-tinygui/test/posix/.work/launch/shim.log
RESULT: 14 passed, 0 failed
PACKAGED-ENTRY (LAUNCH) MODE OK
LAUNCH_RC=0

########## [4] STDERR CHANNEL ISOLATION ##########
======================================================================
 stderr channel isolation probe   (backend_shell.cpp @ Darwin)
======================================================================
== [1/4] build the shim and the C client ==
  [PASS] shim compiled clean with -Wall -Wextra
  [PASS] built the C client (mock_launcher)
== [2/4] run A — decoy on stderr (must stay off the wire) ==
  [PASS] client saw a clean protocol despite the noise (4 CALL / 4 RET)
  [PASS] all 4 decoy frames stayed on stderr (0 forwarded to the launcher)
  [PASS] no bogus frame was ever written toward the launcher
  [PASS] every decoy was logged as a diagnostic (4/4)
  [PASS] the split stderr line was reassembled before logging (one line, not two)
  [PASS] no truncated stderr line was logged early
  [PASS] frame counts are exactly right (CALL=4 RET=4)
== [3/4] real backend.php: tiny.log() must land in the shim log ==
  [PASS] real PHP backend completed 4 calls plus the log() call
  [PASS] the real backend's STDERR write reached the shim log, intact and prefixed
  [PASS] and it was never forwarded toward the launcher
== [4/4] run B — same decoy on stdout (control: MUST fail) ==
  [PASS] control behaved as predicted: the client failed (exit 1) once the decoy entered the frame channel
         (control client said) FAIL: unexpected frame while waiting for id01: 'PHP Notice: undefined variable in /srv/app/handler.php on line 42'
  [PASS] and it failed with an 'unexpected frame' symptom (the downstream effect of the decoy being taken as a reply)
  [PASS] control: 1 decoy(s) WERE forwarded to the launcher — the exact opposite of run A's 0

----------------------------------------------------------------------
run A log (synthetic): /Volumes/data/git/php/typephp-tinygui/test/posix/.work/shim.a.log
run C log (real PHP) : /Volumes/data/git/php/typephp-tinygui/test/posix/.work/shim.c.log
run B log (control)  : /Volumes/data/git/php/typephp-tinygui/test/posix/.work/shim.b.log
RESULT: 15 passed, 0 failed, 0 skipped
STDERR CHANNEL ISOLATION OK
STDERR_RC=0
